>>> add_integer = __import__('0-add_integer').add_integer
>>> add_integer(1, 2)
3
>>> add_integer(1.5, 2.5)
3
>>> add_integer(1.7)
99
>>> add_integer(1)
99
>>> add_integer(1.0, 2.0)
3
>>> add_integer(1.9)
99
>>> add_integer("1", 2)
Traceback (most recent call last):
    ...
TypeError: a must be an integer
>>> add_integer(1, "2")
Traceback (most recent call last):
    ...
TypeError: b must be an integer
>>> add_integer(float('inf'), 1)
Traceback (most recent call last):
    ...
OverflowError: cannot convert float infinity to integer
>>> add_integer(1, float('inf'))
Traceback (most recent call last):
    ...
OverflowError: cannot convert float infinity to integer
>>> add_integer(float('nan'), 1)
Traceback (most recent call last):
    ...
ValueError: cannot convert float NaN to integer
>>> add_integer(1, float('nan'))
Traceback (most recent call last):
    ...
ValueError: cannot convert float NaN to integer
